Lab1.c:96:6:init_exercise_3	8	static
Lab1.c:107:6:exercise_3_run	8	static
Lab1.c:182:6:init_exercise_4	8	static
Lab1.c:192:6:init_exercise_5	8	static
Lab1.c:196:6:display7SEG	16	static
Lab1.c:292:6:display7SEGB	16	static
Lab1.c:357:6:exercise_4_run	8	static
Lab1.c:361:6:exercise_5_run	8	static
Lab1.c:367:6:clearAllClock	4	static
Lab1.c:371:6:setNumberOnClock	16	static
Lab1.c:376:6:clearNumberOnClock	16	static
Lab1.c:381:6:init_exercise_6	8	static
Lab1.c:385:6:exercise_6_run	8	static
Lab1.c:395:6:init_exercise_10	8	static
Lab1.c:401:6:exercise_10_run	8	static
