Lab1.c:12:6:init_exercise_1	8	static
Lab1.c:19:6:exercise_1_run	8	static
Lab1.c:47:6:init_exercise_2	8	static
Lab1.c:54:6:exercise_2_run	8	static
Lab1.c:95:6:init_exercise_3	8	static
Lab1.c:105:6:exercise_3_run	8	static
Lab1.c:177:6:init_exercise_4	8	static
Lab1.c:187:6:init_exercise_5	8	static
Lab1.c:191:6:display7SEG	16	static
Lab1.c:287:6:exercise_4_run	8	static
Lab1.c:291:6:exercise_5_run	8	static
Lab1.c:296:6:clearAllClock	4	static
Lab1.c:300:6:setNumberOnClock	16	static
Lab1.c:305:6:clearNumberOnClock	16	static
Lab1.c:310:6:init_exercise_6	8	static
Lab1.c:314:6:exercise_6_run	8	static
Lab1.c:324:6:init_exercise_10	8	static
Lab1.c:330:6:exercise_10_run	8	static
